../Application/User/Core/lcd_touch.c:25:13:LCD_SetPin_InputPullup	40	static
../Application/User/Core/lcd_touch.c:36:13:LCD_SetPin_InputFloating	40	static
../Application/User/Core/lcd_touch.c:47:13:LCD_SetPin_OutputPP	40	static
../Application/User/Core/lcd_touch.c:60:13:LCD_SetPin_Analog	72	static
../Application/User/Core/lcd_touch.c:81:13:LCD_Touch_Set_Standby	8	static
../Application/User/Core/lcd_touch.c:90:6:LCD_Touch_Init	24	static
../Application/User/Core/lcd_touch.c:99:6:LCD_Touch_Get_Position	24	static
../Application/User/Core/lcd_touch.c:152:6:LCD_Touch_is_Touching	8	static
