D:/project/H753_example/Pruduct_test/Core/Src/main.c:122:5:main	32	static,ignoring_inline_asm
D:/project/H753_example/Pruduct_test/Core/Src/main.c:261:6:SystemClock_Config	120	static
D:/project/H753_example/Pruduct_test/Core/Src/main.c:324:6:PeriphCommonClock_Config	200	static
D:/project/H753_example/Pruduct_test/Core/Src/main.c:354:13:MX_ADC2_Init	40	static
D:/project/H753_example/Pruduct_test/Core/Src/main.c:418:13:MX_ADC3_Init	40	static
D:/project/H753_example/Pruduct_test/Core/Src/main.c:482:13:MX_DAC1_Init	48	static
D:/project/H753_example/Pruduct_test/Core/Src/main.c:525:13:MX_FDCAN1_Init	8	static
D:/project/H753_example/Pruduct_test/Core/Src/main.c:578:13:MX_I2C4_Init	8	static
D:/project/H753_example/Pruduct_test/Core/Src/main.c:626:13:MX_SDMMC1_SD_Init	4	static
D:/project/H753_example/Pruduct_test/Core/Src/main.c:653:13:MX_SPI4_Init	8	static
D:/project/H753_example/Pruduct_test/Core/Src/main.c:701:13:MX_TIM6_Init	24	static
D:/project/H753_example/Pruduct_test/Core/Src/main.c:739:13:MX_TIM7_Init	24	static
D:/project/H753_example/Pruduct_test/Core/Src/main.c:777:13:MX_TIM15_Init	40	static
D:/project/H753_example/Pruduct_test/Core/Src/main.c:823:13:MX_UART5_Init	8	static
D:/project/H753_example/Pruduct_test/Core/Src/main.c:871:13:MX_USART3_UART_Init	8	static
D:/project/H753_example/Pruduct_test/Core/Src/main.c:919:13:MX_USART6_UART_Init	8	static
D:/project/H753_example/Pruduct_test/Core/Src/main.c:967:13:MX_GPIO_Init	64	static
D:/project/H753_example/Pruduct_test/Core/Src/main.c:1130:6:invoke_case	16	static
D:/project/H753_example/Pruduct_test/Core/Src/main.c:1138:6:HAL_TIM_PeriodElapsedCallback	16	static
D:/project/H753_example/Pruduct_test/Core/Src/main.c:1146:6:HAL_ADC_ConvCpltCallback	32	static
D:/project/H753_example/Pruduct_test/Core/Src/main.c:1154:6:touch_event	16	static
D:/project/H753_example/Pruduct_test/Core/Src/main.c:1180:13:FDCAN_Config	40	static
D:/project/H753_example/Pruduct_test/Core/Src/main.c:1214:6:HAL_FDCAN_RxFifo0Callback	16	static
D:/project/H753_example/Pruduct_test/Core/Src/main.c:1237:6:MPU_Config	24	static
D:/project/H753_example/Pruduct_test/Core/Src/main.c:1279:6:Error_Handler	4	static,ignoring_inline_asm
