D:/project/H753_example/Pruduct_test/Core/Src/stm32h7xx_it.c:76:6:NMI_Handler	4	static
D:/project/H753_example/Pruduct_test/Core/Src/stm32h7xx_it.c:91:6:HardFault_Handler	4	static
D:/project/H753_example/Pruduct_test/Core/Src/stm32h7xx_it.c:106:6:MemManage_Handler	4	static
D:/project/H753_example/Pruduct_test/Core/Src/stm32h7xx_it.c:121:6:BusFault_Handler	4	static
D:/project/H753_example/Pruduct_test/Core/Src/stm32h7xx_it.c:136:6:UsageFault_Handler	4	static
D:/project/H753_example/Pruduct_test/Core/Src/stm32h7xx_it.c:151:6:SVC_Handler	4	static
D:/project/H753_example/Pruduct_test/Core/Src/stm32h7xx_it.c:164:6:DebugMon_Handler	4	static
D:/project/H753_example/Pruduct_test/Core/Src/stm32h7xx_it.c:177:6:PendSV_Handler	4	static
D:/project/H753_example/Pruduct_test/Core/Src/stm32h7xx_it.c:190:6:SysTick_Handler	8	static
D:/project/H753_example/Pruduct_test/Core/Src/stm32h7xx_it.c:211:6:EXTI1_IRQHandler	8	static
D:/project/H753_example/Pruduct_test/Core/Src/stm32h7xx_it.c:225:6:EXTI2_IRQHandler	8	static
D:/project/H753_example/Pruduct_test/Core/Src/stm32h7xx_it.c:239:6:ADC_IRQHandler	8	static
D:/project/H753_example/Pruduct_test/Core/Src/stm32h7xx_it.c:253:6:FDCAN1_IT0_IRQHandler	8	static
D:/project/H753_example/Pruduct_test/Core/Src/stm32h7xx_it.c:267:6:EXTI9_5_IRQHandler	8	static
D:/project/H753_example/Pruduct_test/Core/Src/stm32h7xx_it.c:282:6:EXTI15_10_IRQHandler	8	static
D:/project/H753_example/Pruduct_test/Core/Src/stm32h7xx_it.c:298:6:TIM6_DAC_IRQHandler	8	static
D:/project/H753_example/Pruduct_test/Core/Src/stm32h7xx_it.c:313:6:TIM7_IRQHandler	8	static
D:/project/H753_example/Pruduct_test/Core/Src/stm32h7xx_it.c:327:6:ETH_IRQHandler	8	static
D:/project/H753_example/Pruduct_test/Core/Src/stm32h7xx_it.c:341:6:USART6_IRQHandler	8	static
D:/project/H753_example/Pruduct_test/Core/Src/stm32h7xx_it.c:355:6:OTG_FS_IRQHandler	8	static
