../Application/User/Core/test_case.c:18:6:test_case_init	8	static
../Application/User/Core/test_case.c:23:6:test_case_i2c	32	static
../Application/User/Core/test_case.c:35:6:test_case_spi	32	static
../Application/User/Core/test_case.c:50:6:test_case_rs232	16	static
../Application/User/Core/test_case.c:66:6:test_case_WV2	24	static
../Application/User/Core/test_case.c:83:6:test_case_SDIO	88	static
../Application/User/Core/test_case.c:125:6:test_case_button	24	static
../Application/User/Core/test_case.c:148:6:roteryCallback	16	static
../Application/User/Core/test_case.c:159:6:test_case_rotery	24	static
../Application/User/Core/test_case.c:178:6:HAL_UART_RxCpltCallback	16	static
../Application/User/Core/test_case.c:183:6:HAL_GPIO_EXTI_Callback	16	static
