D:/project/H753_example/TouchGFX_demo/Core/Src/main.c:76:5:main	8	static
D:/project/H753_example/TouchGFX_demo/Core/Src/main.c:126:6:SystemClock_Config	120	static
D:/project/H753_example/TouchGFX_demo/Core/Src/main.c:185:13:MX_CRC_Init	8	static
D:/project/H753_example/TouchGFX_demo/Core/Src/main.c:216:13:MX_SPI4_Init	8	static
D:/project/H753_example/TouchGFX_demo/Core/Src/main.c:264:13:MX_TIM6_Init	24	static
D:/project/H753_example/TouchGFX_demo/Core/Src/main.c:300:13:MX_DMA_Init	16	static
D:/project/H753_example/TouchGFX_demo/Core/Src/main.c:318:13:MX_GPIO_Init	64	static
D:/project/H753_example/TouchGFX_demo/Core/Src/main.c:465:6:Error_Handler	4	static,ignoring_inline_asm
