/Users/shihyenchieh/Downloads/NUCLEO-H753ZI-FINAl-PROJECT/Library/src/my_keypad_v2.c:11:13:KEYPAD_GPIO_Init	40	static
/Users/shihyenchieh/Downloads/NUCLEO-H753ZI-FINAl-PROJECT/Library/src/my_keypad_v2.c:90:13:this_HAL_GPIO_EXTI_Callback	24	static
/Users/shihyenchieh/Downloads/NUCLEO-H753ZI-FINAl-PROJECT/Library/src/my_keypad_v2.c:118:13:this_HAL_GPIO_EXTI_IRQHandler	16	static
/Users/shihyenchieh/Downloads/NUCLEO-H753ZI-FINAl-PROJECT/Library/src/my_keypad_v2.c:133:6:EXTI1_IRQHandler	8	static
/Users/shihyenchieh/Downloads/NUCLEO-H753ZI-FINAl-PROJECT/Library/src/my_keypad_v2.c:137:6:EXTI9_5_IRQHandler	8	static
/Users/shihyenchieh/Downloads/NUCLEO-H753ZI-FINAl-PROJECT/Library/src/my_keypad_v2.c:143:6:KEYPAD_Init	8	static
