/Users/shihyenchieh/Downloads/NUCLEO-H753ZI-FINAl-PROJECT/LCD_8bits/Core/Src/stm32h7xx_hal_msp.c:64:6:HAL_MspInit	8	static
/Users/shihyenchieh/Downloads/NUCLEO-H753ZI-FINAl-PROJECT/LCD_8bits/Core/Src/stm32h7xx_hal_msp.c:86:6:HAL_CRC_MspInit	8	static
/Users/shihyenchieh/Downloads/NUCLEO-H753ZI-FINAl-PROJECT/LCD_8bits/Core/Src/stm32h7xx_hal_msp.c:109:6:HAL_CRC_MspDeInit	0	static
/Users/shihyenchieh/Downloads/NUCLEO-H753ZI-FINAl-PROJECT/LCD_8bits/Core/Src/stm32h7xx_hal_msp.c:131:6:HAL_SPI_MspInit	232	static
/Users/shihyenchieh/Downloads/NUCLEO-H753ZI-FINAl-PROJECT/LCD_8bits/Core/Src/stm32h7xx_hal_msp.c:179:6:HAL_SPI_MspDeInit	0	static
/Users/shihyenchieh/Downloads/NUCLEO-H753ZI-FINAl-PROJECT/LCD_8bits/Core/Src/stm32h7xx_hal_msp.c:208:6:HAL_UART_MspInit	232	static
/Users/shihyenchieh/Downloads/NUCLEO-H753ZI-FINAl-PROJECT/LCD_8bits/Core/Src/stm32h7xx_hal_msp.c:256:6:HAL_UART_MspDeInit	0	static
/Users/shihyenchieh/Downloads/NUCLEO-H753ZI-FINAl-PROJECT/LCD_8bits/Core/Src/stm32h7xx_hal_msp.c:285:6:HAL_PCD_MspInit	240	static
/Users/shihyenchieh/Downloads/NUCLEO-H753ZI-FINAl-PROJECT/LCD_8bits/Core/Src/stm32h7xx_hal_msp.c:343:6:HAL_PCD_MspDeInit	0	static
