D:/project/H753_example/Pruduct_test/LWIP/Target/ethernetif.c:170:13:low_level_init	24	static
D:/project/H753_example/Pruduct_test/LWIP/Target/ethernetif.c:275:14:low_level_output	80	static
D:/project/H753_example/Pruduct_test/LWIP/Target/ethernetif.c:322:22:low_level_input	24	static
D:/project/H753_example/Pruduct_test/LWIP/Target/ethernetif.c:343:6:ethernetif_input	24	static
D:/project/H753_example/Pruduct_test/LWIP/Target/ethernetif.c:393:7:ethernetif_init	16	static
D:/project/H753_example/Pruduct_test/LWIP/Target/ethernetif.c:444:6:pbuf_free_custom	24	static
D:/project/H753_example/Pruduct_test/LWIP/Target/ethernetif.c:466:7:sys_now	8	static
D:/project/H753_example/Pruduct_test/LWIP/Target/ethernetif.c:479:6:HAL_ETH_MspInit	64	static
D:/project/H753_example/Pruduct_test/LWIP/Target/ethernetif.c:544:6:HAL_ETH_MspDeInit	16	static
D:/project/H753_example/Pruduct_test/LWIP/Target/ethernetif.c:592:9:ETH_PHY_IO_Init	8	static
D:/project/H753_example/Pruduct_test/LWIP/Target/ethernetif.c:609:9:ETH_PHY_IO_DeInit	4	static
D:/project/H753_example/Pruduct_test/LWIP/Target/ethernetif.c:621:9:ETH_PHY_IO_ReadReg	24	static
D:/project/H753_example/Pruduct_test/LWIP/Target/ethernetif.c:638:9:ETH_PHY_IO_WriteReg	24	static
D:/project/H753_example/Pruduct_test/LWIP/Target/ethernetif.c:652:9:ETH_PHY_IO_GetTick	8	static
D:/project/H753_example/Pruduct_test/LWIP/Target/ethernetif.c:661:6:ethernet_link_check_state	136	static
D:/project/H753_example/Pruduct_test/LWIP/Target/ethernetif.c:718:6:HAL_ETH_RxAllocateCallback	32	static
D:/project/H753_example/Pruduct_test/LWIP/Target/ethernetif.c:740:6:HAL_ETH_RxLinkCallback	56	static,ignoring_inline_asm
D:/project/H753_example/Pruduct_test/LWIP/Target/ethernetif.c:780:6:HAL_ETH_TxFreeCallback	16	static
