/Users/shihyenchieh/Downloads/NUCLEO-H753ZI-FINAl-PROJECT/LCD_8bits/Drivers/STM32H7xx_HAL_Driver/Src/stm32h7xx_hal_spi_ex.c:75:19:HAL_SPIEx_FlushRxFifo	24	static
/Users/shihyenchieh/Downloads/NUCLEO-H753ZI-FINAl-PROJECT/LCD_8bits/Drivers/STM32H7xx_HAL_Driver/Src/stm32h7xx_hal_spi_ex.c:114:19:HAL_SPIEx_EnableLockConfiguration	0	static
/Users/shihyenchieh/Downloads/NUCLEO-H753ZI-FINAl-PROJECT/LCD_8bits/Drivers/STM32H7xx_HAL_Driver/Src/stm32h7xx_hal_spi_ex.c:162:19:HAL_SPIEx_ConfigureUnderrun	8	static
