/Users/shihyenchieh/Downloads/NUCLEO-H753ZI-FINAl-PROJECT/library/mbedtls/library/aes.c:58:13:mbedtls_zeroize	24	static
/Users/shihyenchieh/Downloads/NUCLEO-H753ZI-FINAl-PROJECT/library/mbedtls/library/aes.c:474:6:mbedtls_aes_init	16	static
/Users/shihyenchieh/Downloads/NUCLEO-H753ZI-FINAl-PROJECT/library/mbedtls/library/aes.c:479:6:mbedtls_aes_free	16	static
/Users/shihyenchieh/Downloads/NUCLEO-H753ZI-FINAl-PROJECT/library/mbedtls/library/aes.c:491:5:mbedtls_aes_setkey_enc	32	static
/Users/shihyenchieh/Downloads/NUCLEO-H753ZI-FINAl-PROJECT/library/mbedtls/library/aes.c:605:5:mbedtls_aes_setkey_dec	328	static
/Users/shihyenchieh/Downloads/NUCLEO-H753ZI-FINAl-PROJECT/library/mbedtls/library/aes.c:720:5:mbedtls_internal_aes_encrypt	64	static
/Users/shihyenchieh/Downloads/NUCLEO-H753ZI-FINAl-PROJECT/library/mbedtls/library/aes.c:779:5:mbedtls_internal_aes_decrypt	64	static
/Users/shihyenchieh/Downloads/NUCLEO-H753ZI-FINAl-PROJECT/library/mbedtls/library/aes.c:837:5:mbedtls_aes_crypt_ecb	24	static
/Users/shihyenchieh/Downloads/NUCLEO-H753ZI-FINAl-PROJECT/library/mbedtls/library/aes.c:869:5:mbedtls_aes_crypt_cbc	56	static
/Users/shihyenchieh/Downloads/NUCLEO-H753ZI-FINAl-PROJECT/library/mbedtls/library/aes.c:935:5:mbedtls_aes_crypt_cfb128	32	static
/Users/shihyenchieh/Downloads/NUCLEO-H753ZI-FINAl-PROJECT/library/mbedtls/library/aes.c:981:5:mbedtls_aes_crypt_cfb8	48	static
/Users/shihyenchieh/Downloads/NUCLEO-H753ZI-FINAl-PROJECT/library/mbedtls/library/aes.c:1015:5:mbedtls_aes_crypt_ctr	40	static
