/Users/shihyenchieh/Downloads/NUCLEO-H753ZI-FINAl-PROJECT/library/src/my_led.c:7:6:LED_GPIO_Init	40	static
/Users/shihyenchieh/Downloads/NUCLEO-H753ZI-FINAl-PROJECT/library/src/my_led.c:34:6:LED_Init	8	static
/Users/shihyenchieh/Downloads/NUCLEO-H753ZI-FINAl-PROJECT/library/src/my_led.c:38:6:open_all_led	16	static
/Users/shihyenchieh/Downloads/NUCLEO-H753ZI-FINAl-PROJECT/library/src/my_led.c:44:6:close_all_led	16	static
/Users/shihyenchieh/Downloads/NUCLEO-H753ZI-FINAl-PROJECT/library/src/my_led.c:50:6:toggle_all_led	16	static
/Users/shihyenchieh/Downloads/NUCLEO-H753ZI-FINAl-PROJECT/library/src/my_led.c:56:6:open_single_led	16	static
/Users/shihyenchieh/Downloads/NUCLEO-H753ZI-FINAl-PROJECT/library/src/my_led.c:62:6:close_single_led	16	static
/Users/shihyenchieh/Downloads/NUCLEO-H753ZI-FINAl-PROJECT/library/src/my_led.c:68:6:toggle_single_led	16	static
/Users/shihyenchieh/Downloads/NUCLEO-H753ZI-FINAl-PROJECT/library/src/my_led.c:74:15:read_led_state	16	static
